2026-03-04 05:45:56.544: [INFO] OnDoneLoading sync enabled: 0
2026-03-04 06:31:05.051: [INFO] OnDoneLoading sync enabled: 0
2026-03-04 06:31:18.295: [INFO] OnDoneLoading sync enabled: 0
2026-03-04 06:33:12.898: [INFO] OnDoneLoading sync enabled: 0
2026-03-04 06:36:45.960: [INFO] OnDoneLoading sync enabled: 0
2026-03-04 06:36:54.756: [INFO] OnDoneLoading sync enabled: 0
2026-03-05 06:58:55.443: [INFO] OnDoneLoading sync enabled: 0
2026-03-05 07:23:15.962: [INFO] OnDoneLoading sync enabled: 0
2026-03-05 07:23:49.112: [INFO] OnDoneLoading sync enabled: 0
2026-03-05 09:32:42.180: [INFO] OnDoneLoading sync enabled: 0
2026-03-05 10:39:04.198: [INFO] OnDoneLoading sync enabled: 0
2026-03-05 10:57:24.257: [INFO] OnDoneLoading sync enabled: 0
2026-03-16 05:37:22.957: [INFO] OnDoneLoading sync enabled: 0
2026-03-16 06:30:27.484: [INFO] OnDoneLoading sync enabled: 0
2026-03-17 06:27:54.627: [INFO] OnDoneLoading sync enabled: 0
2026-03-18 04:45:05.466: [INFO] OnDoneLoading sync enabled: 0
2026-03-18 07:51:07.094: [INFO] OnDoneLoading sync enabled: 0
2026-03-18 09:53:45.545: [INFO] OnDoneLoading sync enabled: 0
2026-03-18 10:04:17.505: [INFO] OnDoneLoading sync enabled: 0
2026-03-18 10:07:50.119: [INFO] OnDoneLoading sync enabled: 0
2026-03-18 14:00:49.127: [INFO] OnDoneLoading sync enabled: 0
2026-03-18 14:01:38.871: [INFO] OnDoneLoading sync enabled: 0
2026-03-24 04:42:41.408: [INFO] OnDoneLoading sync enabled: 0
2026-03-25 09:57:59.714: [INFO] OnDoneLoading sync enabled: 0
2026-03-26 08:41:22.153: [INFO] OnDoneLoading sync enabled: 0
2026-03-27 10:26:33.537: [INFO] OnDoneLoading sync enabled: 0
2026-03-27 11:16:22.518: [INFO] OnDoneLoading sync enabled: 0
2026-03-27 11:16:39.680: [INFO] OnDoneLoading sync enabled: 0
2026-03-27 11:16:44.935: [INFO] OnDoneLoading sync enabled: 0
2026-03-27 11:18:26.533: [INFO] OnDoneLoading sync enabled: 0
2026-03-30 08:15:22.225: [INFO] OnDoneLoading sync enabled: 0
2026-03-30 08:37:54.090: [INFO] OnDoneLoading sync enabled: 0
2026-03-30 08:46:24.070: [INFO] OnDoneLoading sync enabled: 0
2026-03-30 08:59:52.500: [INFO] OnDoneLoading sync enabled: 0
2026-03-30 09:00:20.464: [INFO] OnDoneLoading sync enabled: 0
2026-03-30 09:01:50.900: [INFO] OnDoneLoading sync enabled: 0
2026-03-30 09:03:43.976: [INFO] OnDoneLoading sync enabled: 0
2026-03-30 09:06:31.819: [INFO] OnDoneLoading sync enabled: 0
2026-03-30 09:08:44.507: [INFO] OnDoneLoading sync enabled: 0
2026-03-30 09:10:57.628: [INFO] OnDoneLoading sync enabled: 0
2026-03-30 09:11:45.358: [INFO] OnDoneLoading sync enabled: 0
2026-03-30 09:13:14.931: [INFO] OnDoneLoading sync enabled: 0
2026-03-31 04:45:25.316: [INFO] OnDoneLoading sync enabled: 0
2026-03-31 08:02:23.710: [INFO] OnDoneLoading sync enabled: 0
2026-04-01 04:49:08.921: [INFO] OnDoneLoading sync enabled: 0
2026-04-01 04:51:51.788: [INFO] OnDoneLoading sync enabled: 0
2026-04-01 07:53:41.969: [INFO] OnDoneLoading sync enabled: 0
2026-04-01 07:53:59.873: [INFO] OnDoneLoading sync enabled: 0
2026-04-01 07:54:58.077: [INFO] OnDoneLoading sync enabled: 0
2026-04-01 07:57:18.229: [INFO] OnDoneLoading sync enabled: 0
2026-04-01 07:57:30.746: [INFO] OnDoneLoading sync enabled: 0
2026-04-01 07:57:57.570: [INFO] OnDoneLoading sync enabled: 0
2026-04-02 09:26:21.349: [INFO] OnDoneLoading sync enabled: 0
2026-04-02 09:29:24.337: [INFO] OnDoneLoading sync enabled: 0
2026-04-02 10:06:21.193: [INFO] OnDoneLoading sync enabled: 0
2026-04-03 05:25:18.539: [INFO] OnDoneLoading sync enabled: 0
2026-04-03 05:25:46.935: [INFO] OnDoneLoading sync enabled: 0
2026-04-03 05:37:34.879: [INFO] OnDoneLoading sync enabled: 0
2026-04-06 07:28:40.655: [INFO] OnDoneLoading sync enabled: 0
2026-04-06 08:28:58.062: [INFO] OnDoneLoading sync enabled: 0
2026-04-06 10:32:02.017: [INFO] OnDoneLoading sync enabled: 0
2026-04-06 10:36:09.254: [INFO] OnDoneLoading sync enabled: 0
2026-04-06 10:50:36.222: [INFO] OnDoneLoading sync enabled: 0
2026-04-06 10:54:46.200: [INFO] OnDoneLoading sync enabled: 0
2026-04-06 10:54:58.469: [INFO] OnDoneLoading sync enabled: 0
2026-04-06 10:58:02.417: [INFO] OnDoneLoading sync enabled: 0
2026-04-06 11:01:43.065: [INFO] OnDoneLoading sync enabled: 0
2026-04-06 11:03:23.002: [INFO] OnDoneLoading sync enabled: 0
2026-04-06 11:03:38.479: [INFO] OnDoneLoading sync enabled: 0
2026-04-06 11:04:03.242: [INFO] OnDoneLoading sync enabled: 0
2026-04-07 01:20:06.107: [INFO] OnDoneLoading sync enabled: 0
2026-04-07 01:23:49.498: [INFO] OnDoneLoading sync enabled: 0
2026-04-07 01:30:22.570: [INFO] OnDoneLoading sync enabled: 0
2026-04-07 01:31:30.485: [INFO] OnDoneLoading sync enabled: 0
2026-04-07 01:33:48.050: [INFO] OnDoneLoading sync enabled: 0
2026-04-07 01:35:03.041: [INFO] OnDoneLoading sync enabled: 0
2026-04-07 01:37:42.528: [INFO] OnDoneLoading sync enabled: 0
2026-04-07 01:39:16.907: [INFO] OnDoneLoading sync enabled: 0
2026-04-07 01:39:35.567: [INFO] OnDoneLoading sync enabled: 0
2026-04-07 01:41:45.230: [INFO] OnDoneLoading sync enabled: 0
2026-04-07 01:42:59.830: [INFO] OnDoneLoading sync enabled: 0
2026-04-07 05:11:13.953: [INFO] OnDoneLoading sync enabled: 0
2026-04-07 05:13:48.833: [INFO] OnDoneLoading sync enabled: 0
2026-04-07 05:14:59.118: [INFO] OnDoneLoading sync enabled: 0
2026-04-07 05:19:12.170: [INFO] OnDoneLoading sync enabled: 0
2026-04-07 05:19:27.369: [INFO] OnDoneLoading sync enabled: 0
2026-04-07 05:22:17.229: [INFO] OnDoneLoading sync enabled: 0
2026-04-07 07:00:46.616: [INFO] OnDoneLoading sync enabled: 0
2026-04-07 07:01:07.443: [INFO] OnDoneLoading sync enabled: 0
2026-04-07 07:02:26.449: [INFO] OnDoneLoading sync enabled: 0
2026-04-07 07:07:17.398: [INFO] OnDoneLoading sync enabled: 0
2026-04-07 07:07:21.745: [INFO] OnDoneLoading sync enabled: 0
2026-04-07 08:17:16.130: [INFO] OnDoneLoading sync enabled: 0
2026-04-07 11:38:31.231: [INFO] OnDoneLoading sync enabled: 0
2026-04-08 05:36:50.878: [INFO] OnDoneLoading sync enabled: 0
2026-04-08 05:37:35.754: [INFO] OnDoneLoading sync enabled: 0
2026-04-08 05:41:46.479: [INFO] OnDoneLoading sync enabled: 0
2026-04-08 08:18:59.100: [INFO] OnDoneLoading sync enabled: 0
2026-04-08 08:51:09.441: [INFO] OnDoneLoading sync enabled: 0
2026-04-09 05:31:53.821: [INFO] OnDoneLoading sync enabled: 0
2026-04-09 05:33:07.478: [INFO] OnDoneLoading sync enabled: 0
2026-04-09 05:35:06.902: [INFO] OnDoneLoading sync enabled: 0
2026-04-09 05:35:20.262: [INFO] OnDoneLoading sync enabled: 0
2026-04-10 04:54:29.813: [INFO] OnDoneLoading sync enabled: 0
2026-04-10 06:51:00.045: [INFO] OnDoneLoading sync enabled: 0
2026-04-10 08:44:11.021: [INFO] OnDoneLoading sync enabled: 0
2026-04-10 09:14:02.332: [INFO] OnDoneLoading sync enabled: 0
2026-04-10 09:25:27.325: [INFO] OnDoneLoading sync enabled: 0
2026-04-13 04:42:33.050: [INFO] OnDoneLoading sync enabled: 0
2026-04-13 07:47:06.039: [INFO] OnDoneLoading sync enabled: 0
2026-04-13 07:47:45.913: [INFO] OnDoneLoading sync enabled: 0
2026-04-13 07:53:02.806: [INFO] OnDoneLoading sync enabled: 0
2026-04-13 07:59:18.530: [INFO] OnDoneLoading sync enabled: 0
2026-04-13 08:01:44.313: [INFO] OnDoneLoading sync enabled: 0
2026-04-13 08:06:13.165: [INFO] OnDoneLoading sync enabled: 0
2026-04-13 08:08:04.147: [INFO] OnDoneLoading sync enabled: 0
2026-04-13 08:23:11.437: [INFO] OnDoneLoading sync enabled: 0
2026-04-16 04:33:17.396: [INFO] OnDoneLoading sync enabled: 0
2026-04-16 08:29:09.949: [INFO] OnDoneLoading sync enabled: 0
2026-04-16 08:29:18.254: [INFO] OnDoneLoading sync enabled: 0
2026-04-16 08:29:56.121: [INFO] OnDoneLoading sync enabled: 0
2026-04-20 08:55:21.555: [INFO] OnDoneLoading sync enabled: 0
2026-04-20 08:55:42.085: [INFO] OnDoneLoading sync enabled: 0
2026-04-20 08:58:17.646: [INFO] OnDoneLoading sync enabled: 0
2026-04-20 08:59:28.581: [INFO] OnDoneLoading sync enabled: 0
2026-04-20 11:00:06.909: [INFO] OnDoneLoading sync enabled: 0
2026-04-20 11:04:36.756: [INFO] OnDoneLoading sync enabled: 0
2026-04-20 11:05:18.776: [INFO] OnDoneLoading sync enabled: 0
2026-04-20 17:35:43.961: [INFO] OnDoneLoading sync enabled: 0
2026-04-20 17:37:55.041: [INFO] OnDoneLoading sync enabled: 0
2026-04-21 09:04:55.866: [INFO] OnDoneLoading sync enabled: 0
2026-04-21 09:08:27.203: [INFO] OnDoneLoading sync enabled: 0
2026-04-21 09:17:07.834: [INFO] OnDoneLoading sync enabled: 0
2026-04-22 03:28:26.268: [INFO] OnDoneLoading sync enabled: 0
2026-04-22 04:00:44.880: [INFO] OnDoneLoading sync enabled: 0
2026-04-22 04:04:51.946: [INFO] OnDoneLoading sync enabled: 0
2026-04-23 03:47:56.510: [INFO] OnDoneLoading sync enabled: 0
2026-04-23 04:11:03.136: [INFO] OnDoneLoading sync enabled: 0
2026-04-23 04:25:02.867: [INFO] OnDoneLoading sync enabled: 0
2026-04-30 09:53:17.677: [INFO] OnDoneLoading sync enabled: 0
2026-04-30 10:02:36.091: [INFO] OnDoneLoading sync enabled: 0
2026-04-30 10:05:49.775: [INFO] OnDoneLoading sync enabled: 0
2026-05-04 03:29:58.946: [INFO] OnDoneLoading sync enabled: 0
2026-05-04 03:51:06.863: [INFO] OnDoneLoading sync enabled: 0
2026-05-04 04:17:51.733: [INFO] OnDoneLoading sync enabled: 0
2026-05-05 11:54:54.852: [INFO] OnDoneLoading sync enabled: 0
2026-05-05 11:55:46.801: [INFO] OnDoneLoading sync enabled: 0
2026-05-05 11:56:25.469: [INFO] OnDoneLoading sync enabled: 0
2026-05-05 11:56:59.777: [INFO] OnDoneLoading sync enabled: 0
2026-05-05 12:04:44.958: [INFO] OnDoneLoading sync enabled: 0
2026-05-05 12:30:03.895: [INFO] OnDoneLoading sync enabled: 0
2026-05-05 12:35:38.910: [INFO] OnDoneLoading sync enabled: 0
2026-05-05 17:12:05.802: [INFO] OnDoneLoading sync enabled: 0
2026-05-05 17:58:47.053: [INFO] OnDoneLoading sync enabled: 0
2026-05-12 08:16:51.507: [INFO] OnDoneLoading sync enabled: 0
2026-05-12 08:17:32.032: [INFO] OnDoneLoading sync enabled: 0
2026-05-12 08:18:06.530: [INFO] OnDoneLoading sync enabled: 0
2026-05-12 10:40:11.640: [INFO] OnDoneLoading sync enabled: 0
2026-06-02 06:18:17.186: [INFO] OnDoneLoading sync enabled: 0
2026-06-02 08:38:06.848: [INFO] OnDoneLoading sync enabled: 0
2026-06-02 09:49:34.967: [INFO] OnDoneLoading sync enabled: 0
2026-06-02 09:50:54.173: [INFO] OnDoneLoading sync enabled: 0
2026-06-02 09:51:14.135: [INFO] OnDoneLoading sync enabled: 0
2026-06-02 09:53:25.109: [INFO] OnDoneLoading sync enabled: 0
2026-06-09 02:36:25.799: [INFO] OnDoneLoading sync enabled: 0
2026-06-09 09:13:05.752: [INFO] OnDoneLoading sync enabled: 0
2026-06-10 07:48:59.160: [INFO] OnDoneLoading sync enabled: 0
2026-06-17 09:03:13.021: [INFO] OnDoneLoading sync enabled: 0
2026-06-18 08:53:37.073: [INFO] OnDoneLoading sync enabled: 0
2026-06-22 09:26:47.054: [INFO] OnDoneLoading sync enabled: 0
2026-06-22 09:27:18.785: [INFO] OnDoneLoading sync enabled: 0
2026-06-22 10:56:35.579: [INFO] OnDoneLoading sync enabled: 0
2026-06-22 11:16:10.264: [INFO] OnDoneLoading sync enabled: 0
2026-06-22 11:20:01.245: [INFO] OnDoneLoading sync enabled: 0
2026-06-22 11:20:30.463: [INFO] OnDoneLoading sync enabled: 0
2026-06-22 11:22:53.116: [INFO] OnDoneLoading sync enabled: 0
2026-06-22 11:23:52.427: [INFO] OnDoneLoading sync enabled: 0
2026-06-22 11:24:20.841: [INFO] OnDoneLoading sync enabled: 0
2026-08-11 09:27:49.557: [INFO] CurrentProfilePath: D:\SpringBootApp\.metadata\.plugins\org.eclipse.swt\EBWebView\Default
2026-08-11 09:27:49.557: [INFO] Profiles total count: 1
2026-08-11 09:27:49.559: [INFO] Profile: name=Profile 1 path=D:\SpringBootApp\.metadata\.plugins\org.eclipse.swt\EBWebView\Default lastActive=2026-04-22T05:17:56.216Z
2026-08-11 09:27:49.559: [INFO] LastUsedProfileDir: D:\SpringBootApp\.metadata\.plugins\org.eclipse.swt\EBWebView\Default
2026-08-11 09:27:49.559: [INFO] MostRecentlyActiveProfile: name=Profile 1 path=D:\SpringBootApp\.metadata\.plugins\org.eclipse.swt\EBWebView\Default lastActive=2026-04-22T05:17:56.216Z
2026-08-11 09:27:49.559: [INFO] OnDoneLoading sync enabled: 0
2026-08-11 09:27:49.559: [INFO] BookmarkModelLoaded, ids_reassigned: 0
2026-08-11 09:27:49.559: [INFO] BookmarksLoadDropped droppedNodes=0
2026-08-11 09:27:49.559: [INFO] BookmarksSnapshot Startup total=0 bar=0 other=0 mobile=0 showBar=0 showBarNTP=1
2026-08-11 11:09:49.840: [INFO] BookmarksSnapshot Shutdown total=0 bar=0 other=0 mobile=0 showBar=0 showBarNTP=1
2026-08-22 07:18:53.556: [INFO] CurrentProfilePath: D:\SpringBootApp\.metadata\.plugins\org.eclipse.swt\EBWebView\Default
2026-08-22 07:18:53.556: [INFO] Profiles total count: 1
2026-08-22 07:18:53.556: [INFO] Profile: name=Profile 1 path=D:\SpringBootApp\.metadata\.plugins\org.eclipse.swt\EBWebView\Default lastActive=2026-04-22T05:17:56.216Z
2026-08-22 07:18:53.556: [INFO] LastUsedProfileDir: D:\SpringBootApp\.metadata\.plugins\org.eclipse.swt\EBWebView\Default
2026-08-22 07:18:53.556: [INFO] MostRecentlyActiveProfile: name=Profile 1 path=D:\SpringBootApp\.metadata\.plugins\org.eclipse.swt\EBWebView\Default lastActive=2026-04-22T05:17:56.216Z
2026-08-22 07:18:53.556: [INFO] OnDoneLoading sync enabled: 0
2026-08-22 07:18:53.556: [INFO] BookmarkModelLoaded, ids_reassigned: 0
2026-08-22 07:18:53.556: [INFO] BookmarksLoadDropped droppedNodes=0
2026-08-22 07:18:53.556: [INFO] BookmarksSnapshot Startup total=0 bar=0 other=0 mobile=0 showBar=0 showBarNTP=1
2026-08-22 07:54:01.635: [INFO] BookmarksSnapshot Shutdown total=0 bar=0 other=0 mobile=0 showBar=0 showBarNTP=1
